Component: ARM Compiler 5.06 update 4 (build 422) Tool: armlink [4d35d2]

==============================================================================

Section Cross References

    main.o(.text) refers to driver.o(.text) for port_Init
    main.o(.text) refers to uart2416.o(.text) for uart_init
    main.o(.text) refers to my_cmd.o(.text) for system_env_init
    main.o(.text) refers to yqadc.o(.text) for coin_env_init
    main.o(.text) refers to timer_irq.o(.text) for Timer_Init
    main.o(.text) refers to wdc.o(.text) for watchdog_reset
    main.o(.text) refers to adc.o(.text) for adc_init
    main.o(.text) refers to nand.o(.text) for rNF_Init
    main.o(.text) refers to yqsqlite3.o(.text) for initial_nandflash
    main.o(.text) refers to hsmmc.o(.text) for Hsmmc_Init
    main.o(.text) refers to main.o(.data) for alertflag
    main.o(.text) refers to yqfile.o(.data) for coinchoose
    main.o(.text) refers to yqscreen.o(.data) for touch_flag
    main.o(.text) refers to my_cmd.o(.bss) for sys_env
    main.o(.text) refers to timer_irq.o(.data) for tscount
    main.o(.text) refers to yqadc.o(.data) for blockflag
    main.o(.text) refers to yqadc.o(.bss) for coin_env
    main.o(.text) refers to yqcoin.o(.data) for coinlearnnumber
    main.o(.text) refers to yqscreen.o(.bss) for touchnum
    main.o(.text) refers to main.o(.constdata) for .constdata
    main.o(.text) refers to main.o(.ARM.__AT_0x32104000) for code_flag
    main.o(.text) refers to lowlevelinit.o(LOWLEVELINIT) for __CodeSize__
    main.o(.text) refers to yqscreen.o(.text) for comscreen
    main.o(.text) refers to rtc.o(.text) for RTC_Init
    main.o(.text) refers to yqdrive.o(.text) for deviceinit
    main.o(.text) refers to yqcoin.o(.text) for cy_precoincount
    main.o(.text) refers to log.o(.text) for coin_log
    main.o(.text) refers to aeabi_sdiv.o(.text_udiv) for __aeabi_uidivmod
    main.o(.text) refers to yqsqlite3.o(.bss) for para_set_value
    main.o(.text) refers to yqcoin.o(.bss) for coin_num
    main.o(.text) refers to main.o(.conststring) for .conststring
    rtc.o(.text) refers to aeabi_sdiv.o(.text) for __aeabi_idivmod
    exception.o(.text) refers to exception.o(.bss) for IRQ_Table
    mmu.o(.text) refers to mmu.o(.emb_text) for MMU_DisableDCache
    mmu.o(.text) refers to mmu.o(MMU_Mem) for MMU_PageTable
    mmu.o(.text) refers to lowlevelinit.o(LOWLEVELINIT) for __CodeAddr__
    nand.o(.text) refers to lowlevelinit.o(LOWLEVELINIT) for __CodeSize__
    lowlevelinit.o(LOWLEVELINIT) refers to nand.o(.text) for Nand_Init
    s3c2416.o(STACK) refers (Special) to heapauxi.o(.text) for __use_two_region_memory
    s3c2416.o(HEAP) refers (Special) to heapauxi.o(.text) for __use_two_region_memory
    s3c2416.o(RESET) refers (Special) to heapauxi.o(.text) for __use_two_region_memory
    s3c2416.o(RESET) refers to exception.o(.text) for Undef_Handler
    s3c2416.o(RESET) refers to mmu.o(.text) for MMU_Init
    s3c2416.o(RESET) refers to s3c2416.o(STACK) for Stack_Top
    s3c2416.o(RESET) refers to __main.o(!!!main) for __main
    s3c2416.o(.text) refers (Special) to heapauxi.o(.text) for __use_two_region_memory
    s3c2416.o(.text) refers to s3c2416.o(HEAP) for Heap_Mem
    s3c2416.o(.text) refers to s3c2416.o(STACK) for Stack_Mem
    uart2416.o(.text) refers to my_cmd.o(.text) for fill_rec_buf
    uart2416.o(.text) refers to exception.o(.text) for IRQ_Register
    uart2416.o(.text) refers to vsprintf.o(.text) for vsprintf
    uart2416.o(.text) refers to yqscreen.o(.text) for touchget_from_uart2
    timer_irq.o(.text) refers to exception.o(.text) for IRQ_ClearInt
    timer_irq.o(.text) refers to aeabi_sdiv.o(.text_udiv) for __aeabi_uidivmod
    timer_irq.o(.text) refers to timer_irq.o(.data) for timer_tick
    timer_irq.o(.text) refers to main.o(.data) for time_20ms
    timer_irq.o(.text) refers to my_cmd.o(.bss) for sys_env
    timer_irq.o(.text) refers to yqadc.o(.data) for blockflag
    timer_irq.o(.text) refers to yqdrive.o(.data) for runtime
    timer_irq.o(.text) refers to yqadc.o(.bss) for coin_env
    timer_irq.o(.text) refers to yqsqlite3.o(.bss) for para_set_value
    wdc.o(.text) refers to uart2416.o(.text) for Uart0_Printf
    adc.o(.text) refers to uart2416.o(.text) for Uart0_Printf
    adc.o(.text) refers to adc.o(.data) for ad0_value_changed
    adc.o(.text) refers to timer_irq.o(.data) for tscount
    hsmmc.o(.text) refers to hsmmc.o(.emb_text) for __asm___7_Hsmmc_c_0725b3a1__Delay_us
    hsmmc.o(.text) refers to uart2416.o(.text) for Uart0_Printf
    hsmmc.o(.text) refers to hsmmc.o(.data) for RCA
    hsmmc.o(.text) refers to hsmmc.o(No_Cache) for Hsmmc_Buffer
    yqadc.o(.text) refers to adc.o(.text) for ReadAdc0
    yqadc.o(.text) refers to aeabi_sdiv.o(.text) for __aeabi_idivmod
    yqadc.o(.text) refers to yqadc.o(.bss) for coin_env
    yqadc.o(.text) refers to yqadc.o(.data) for std_ad0
    yqadc.o(.text) refers to yqcoin.o(.data) for ch0_counttemp
    yqadc.o(.text) refers to my_cmd.o(.bss) for sys_env
[...]
    IRQ_ClearInt                             0x300001e4   ARM Code      52  exception.o(.text)
    IRQ_EnableInt                            0x30000218   ARM Code     108  exception.o(.text)
    IRQ_DisableInt                           0x30000284   ARM Code      36  exception.o(.text)
    IRQ_Handler                              0x300002a8   ARM Code     244  exception.o(.text)
    MMU_GetTableBase                         0x300003a0   ARM Code       8  mmu.o(.text)
    MMU_SetMTT                               0x300003a8   ARM Code      64  mmu.o(.text)
    MMU_Init                                 0x300003e8   ARM Code     416  mmu.o(.text)
    delay_us                                 0x300005bc   ARM Code      60  nand.o(.text)
    delay_ms1                                0x300005f8   ARM Code      64  nand.o(.text)
    rNF_Reset                                0x30000638   ARM Code      92  nand.o(.text)
    rNF_Init                                 0x30000694   ARM Code     116  nand.o(.text)
    BlockErase                               0x30000708   ARM Code     196  nand.o(.text)
    rNF_WritePage                            0x300007cc   ARM Code     240  nand.o(.text)
    rNF_RamdomRead                           0x300008bc   ARM Code     184  nand.o(.text)
    rLB_ReadPage                             0x30000974   ARM Code     188  nand.o(.text)
    Nand_IsBadBlock                          0x30000c9c   ARM Code      64  nand.o(.text)
    Nand_MarkBadBlock                        0x30000cdc   ARM Code      48  nand.o(.text)
    Nand_ReadPage                            0x30000d0c   ARM Code     416  nand.o(.text)
    Nand_WritePage                           0x30000eac   ARM Code     488  nand.o(.text)
    Nand_ReadID                              0x30001094   ARM Code     156  nand.o(.text)
    Nand_EraseBlock                          0x30001130   ARM Code     228  nand.o(.text)
    Nand_ReadSkipBad                         0x30001214   ARM Code     300  nand.o(.text)
    Nand_WriteSkipBad                        0x30001340   ARM Code     308  nand.o(.text)
    Nand_Init                                0x300014d0   ARM Code      52  nand.o(.text)
    WriteCodeToNand                          0x30001504   ARM Code      44  nand.o(.text)
    WriteAppToNand                           0x30001530   ARM Code      44  nand.o(.text)
    WriteAppToAppSpace                       0x3000155c   ARM Code      44  nand.o(.text)
    ERAM_Init                                0x30001594   ARM Code       0  lowlevelinit.o(LOWLEVELINIT)
    __CodeAddr__                             0x300016bc   Data           4  lowlevelinit.o(LOWLEVELINIT)
    __CodeSize__                             0x300016c0   Data           4  lowlevelinit.o(LOWLEVELINIT)
    CopyCodeToRAM                            0x300016c4   ARM Code       0  lowlevelinit.o(LOWLEVELINIT)
    __main                                   0x30001778   ARM Code       8  __main.o(!!!main)
    __scatterload                            0x30001780   ARM Code       0  __scatter.o(!!!scatter)
    __scatterload_rt2                        0x30001780   ARM Code      52  __scatter.o(!!!scatter)
    __scatterload_null                       0x30001794   ARM Code       0  __scatter.o(!!!scatter)
    __decompress                             0x300017bc   ARM Code      92  __dczerorl2.o(!!dczerorl2)
    __decompress1                            0x300017bc   ARM Code       0  __dczerorl2.o(!!dczerorl2)
    __scatterload_copy                       0x30001818   ARM Code      40  __scatter_copy.o(!!handler_copy)
    __scatterload_zeroinit                   0x30001840   ARM Code      44  __scatter_zi.o(!!handler_zi)
    _printf_n                                0x3000186c   ARM Code       0  _printf_n.o(.ARM.Collect$$_printf_percent$$00000001)
    _printf_percent                          0x3000186c   ARM Code       0  _printf_percent.o(.ARM.Collect$$_printf_percent$$00000000)
    _printf_p                                0x30001874   ARM Code       0  _printf_p.o(.ARM.Collect$$_printf_percent$$00000002)
    _printf_f                                0x3000187c   ARM Code       0  _printf_f.o(.ARM.Collect$$_printf_percent$$00000003)
    _printf_e                                0x30001884   ARM Code       0  _printf_e.o(.ARM.Collect$$_printf_percent$$00000004)
    _printf_g                                0x3000188c   ARM Code       0  _printf_g.o(.ARM.Collect$$_printf_percent$$00000005)
    _printf_a                                0x30001894   ARM Code       0  _printf_a.o(.ARM.Collect$$_printf_percent$$00000006)
    _printf_ll                               0x3000189c   ARM Code       0  _printf_ll.o(.ARM.Collect$$_printf_percent$$00000007)
    _printf_i                                0x300018a8   ARM Code       0  _printf_i.o(.ARM.Collect$$_printf_percent$$00000008)
    _printf_d                                0x300018b0   ARM Code       0  _printf_d.o(.ARM.Collect$$_printf_percent$$00000009)
    _printf_u                                0x300018b8   ARM Code       0  _printf_u.o(.ARM.Collect$$_printf_percent$$0000000A)
    _printf_o                                0x300018c0   ARM Code       0  _printf_o.o(.ARM.Collect$$_printf_percent$$0000000B)
    _printf_x                                0x300018c8   ARM Code       0  _printf_x.o(.ARM.Collect$$_printf_percent$$0000000C)
    _printf_lli                              0x300018d0   ARM Code       0  _printf_lli.o(.ARM.Collect$$_printf_percent$$0000000D)
    _printf_lld                              0x300018d8   ARM Code       0  _printf_lld.o(.ARM.Collect$$_printf_percent$$0000000E)
    _printf_llu                              0x300018e0   ARM Code       0  _printf_llu.o(.ARM.Collect$$_printf_percent$$0000000F)
    _printf_llo                              0x300018e8   ARM Code       0  _printf_llo.o(.ARM.Collect$$_printf_percent$$00000010)
    _printf_llx                              0x300018f0   ARM Code       0  _printf_llx.o(.ARM.Collect$$_printf_percent$$00000011)
    _printf_l                                0x300018f8   ARM Code       0  _printf_l.o(.ARM.Collect$$_printf_percent$$00000012)
    _printf_c                                0x30001904   ARM Code       0  _printf_c.o(.ARM.Collect$$_printf_percent$$00000013)
    _printf_s                                0x3000190c   ARM Code       0  _printf_s.o(.ARM.Collect$$_printf_percent$$00000014)
    _printf_lc                               0x30001914   ARM Code       0  _printf_lc.o(.ARM.Collect$$_printf_percent$$00000015)
    _printf_ls                               0x3000191c   ARM Code       0  _printf_ls.o(.ARM.Collect$$_printf_percent$$00000016)
    _printf_percent_end                      0x30001924   ARM Code       0  _printf_percent_end.o(.ARM.Collect$$_printf_percent$$00000017)
    __rt_lib_init                            0x3000192d   Thumb Code     0  libinit.o(.ARM.Collect$$libinit$$00000000)
    __rt_lib_init_fp_1                       0x3000192f   Thumb Code     0  libinit2.o(.ARM.Collect$$libinit$$00000002)
    __rt_lib_init_heap_2                     0x3000192f   Thumb Code     0  libinit2.o(.ARM.Collect$$libinit$$00000005)
    __rt_lib_init_preinit_1                  0x3000192f   Thumb Code     0  libinit2.o(.ARM.Collect$$libinit$$00000004)
    __rt_lib_init_heap_1                     0x30001937   Thumb Code     0  libinit2.o(.ARM.Collect$$libinit$$0000000A)
    __rt_lib_init_lc_common                  0x30001937   Thumb Code     0  libinit2.o(.ARM.Collect$$libinit$$0000000F)
    __rt_lib_init_rand_1                     0x30001937   Thumb Code     0  libinit2.o(.ARM.Collect$$libinit$$0000000E)
    __rt_lib_init_user_alloc_1               0x30001937   Thumb Code     0  libinit2.o(.ARM.Collect$$libinit$$0000000C)
    __rt_lib_init_lc_collate_1               0x3000193d   Thumb Code     0  libinit2.o(.ARM.Collect$$libinit$$00000011)
    __rt_lib_init_lc_ctype_2                 0x3000193d   Thumb Code     0  libinit2.o(.ARM.Collect$$libinit$$00000012)
    __rt_lib_init_lc_ctype_1                 0x30001949   Thumb Code     0  libinit2.o(.ARM.Collect$$libinit$$00000013)
    __rt_lib_init_lc_monetary_1              0x30001949   Thumb Code     0  libinit2.o(.ARM.Collect$$libinit$$00000015)
    __rt_lib_init_lc_numeric_2               0x30001949   Thumb Code     0  libinit2.o(.ARM.Collect$$libinit$$00000016)
    __rt_lib_init_alloca_1                   0x30001953   Thumb Code     0  libinit2.o(.ARM.Collect$$libinit$$0000002E)
    __rt_lib_init_argv_1                     0x30001953   Thumb Code     0  libinit2.o(.ARM.Collect$$libinit$$0000002C)
    __rt_lib_init_atexit_1                   0x30001953   Thumb Code     0  libinit2.o(.ARM.Collect$$libinit$$0000001B)
    __rt_lib_init_clock_1                    0x30001953   Thumb Code     0  libinit2.o(.ARM.Collect$$libinit$$00000021)
    __rt_lib_init_cpp_1                      0x30001953   Thumb Code     0  libinit2.o(.ARM.Collect$$libinit$$00000032)
    __rt_lib_init_exceptions_1               0x30001953   Thumb Code     0  libinit2.o(.ARM.Collect$$libinit$$00000030)
    __rt_lib_init_fp_trap_1                  0x30001953   Thumb Code     0  libinit2.o(.ARM.Collect$$libinit$$0000001F)
    __rt_lib_init_getenv_1                   0x30001953   Thumb Code     0  libinit2.o(.ARM.Collect$$libinit$$00000023)
    __rt_lib_init_lc_numeric_1               0x30001953   Thumb Code     0  libinit2.o(.ARM.Collect$$libinit$$00000017)
    __rt_lib_init_lc_time_1                  0x30001953   Thumb Code     0  libinit2.o(.ARM.Collect$$libinit$$00000019)
    __rt_lib_init_return                     0x30001953   Thumb Code     0  libinit2.o(.ARM.Collect$$libinit$$00000033)
    __rt_lib_init_signal_1                   0x30001953   Thumb Code     0  libinit2.o(.ARM.Collect$$libinit$$0000001D)
    __rt_lib_init_stdio_1                    0x30001953   Thumb Code     0  libinit2.o(.ARM.Collect$$libinit$$00000025)
    __rt_lib_shutdown                        0x30001955   Thumb Code     0  libshutdown.o(.ARM.Collect$$libshutdown$$00000000)
    __rt_lib_shutdown_cpp_1                  0x30001957   Thumb Code     0  libshutdown2.o(.ARM.Collect$$libshutdown$$00000002)
    __rt_lib_shutdown_fp_trap_1              0x30001957   Thumb Code     0  libshutdown2.o(.ARM.Collect$$libshutdown$$00000007)
    __rt_lib_shutdown_heap_1                 0x30001957   Thumb Code     0  libshutdown2.o(.ARM.Collect$$libshutdown$$0000000F)
    __rt_lib_shutdown_return                 0x30001957   Thumb Code     0  libshutdown2.o(.ARM.Collect$$libshutdown$$00000010)
    __rt_lib_shutdown_signal_1               0x30001957   Thumb Code     0  libshutdown2.o(.ARM.Collect$$libshutdown$$0000000A)
    __rt_lib_shutdown_stdio_1                0x30001957   Thumb Code     0  libshutdown2.o(.ARM.Collect$$libshutdown$$00000004)
    __rt_lib_shutdown_user_alloc_1           0x30001957   Thumb Code     0  libshutdown2.o(.ARM.Collect$$libshutdown$$0000000C)
    __rt_entry                               0x30001958   ARM Code       0  __rtentry.o(.ARM.Collect$$rtentry$$00000000)
    __rt_entry_presh_1                       0x30001958   ARM Code       0  __rtentry2.o(.ARM.Collect$$rtentry$$00000002)
    __rt_entry_sh                            0x30001958   ARM Code       0  __rtentry4.o(.ARM.Collect$$rtentry$$00000004)
    __rt_entry_li                            0x30001960   ARM Code       0  __rtentry2.o(.ARM.Collect$$rtentry$$0000000A)
    __rt_entry_postsh_1                      0x30001960   ARM Code       0  __rtentry2.o(.ARM.Collect$$rtentry$$00000009)
    __rt_entry_main                          0x30001964   ARM Code       0  __rtentry2.o(.ARM.Collect$$rtentry$$0000000D)
    __rt_entry_postli_1                      0x30001964   ARM Code       0  __rtentry2.o(.ARM.Collect$$rtentry$$0000000C)
    __rt_exit                                0x3000198c   ARM Code       0  rtexit.o(.ARM.Collect$$rtexit$$00000000)
    __rt_exit_ls                             0x30001990   ARM Code       0  rtexit2.o(.ARM.Collect$$rtexit$$00000003)
    __rt_exit_prels_1                        0x30001990   ARM Code       0  rtexit2.o(.ARM.Collect$$rtexit$$00000002)
    __rt_exit_exit                           0x30001994   ARM Code       0  rtexit2.o(.ARM.Collect$$rtexit$$00000004)
    __asm___7_Hsmmc_c_0725b3a1__Delay_us     0x3000199c   ARM Code      24  hsmmc.o(.emb_text)
    _maybe_terminate_alloc                   0x300019b5   Thumb Code     0  maybetermalloc1.o(.emb_text)
    main                                     0x300019b4   ARM Code    5280  main.o(.text)
    port_Init                                0x30002e64   ARM Code     276  driver.o(.text)
    RTC_GetTime                              0x30002f98   ARM Code     304  rtc.o(.text)
    RTC_SetTime                              0x300030c8   ARM Code     324  rtc.o(.text)
    RTC_Init                                 0x3000320c   ARM Code     340  rtc.o(.text)
    __user_initial_stackheap                 0x30003360   ARM Code       0  s3c2416.o(.text)
    HandleUART0                              0x30003384   ARM Code      92  uart2416.o(.text)
    uart_init                                0x300033e0   ARM Code     168  uart2416.o(.text)
    Uart0_SendByte                           0x30003488   ARM Code      80  uart2416.o(.text)
    Uart0_sendchar                           0x300034d8   ARM Code      36  uart2416.o(.text)
    Uart0_SendString                         0x300034fc   ARM Code      36  uart2416.o(.text)
    Uart0_Printf                             0x30003520   ARM Code      60  uart2416.o(.text)
    uart1_init                               0x3000355c   ARM Code      68  uart2416.o(.text)
    Uart1_SendByte                           0x300035a0   ARM Code      80  uart2416.o(.text)
    Uart1_SendString                         0x300035f0   ARM Code      36  uart2416.o(.text)
    Uart1_Printf                             0x30003614   ARM Code      60  uart2416.o(.text)
    HandleUART2                              0x30003650   ARM Code      64  uart2416.o(.text)
    uart2_init                               0x30003690   ARM Code     168  uart2416.o(.text)
    Uart2_sendchar                           0x30003738   ARM Code      36  uart2416.o(.text)
    Timer4_IRQ                               0x3000377c   ARM Code     324  timer_irq.o(.text)
    Timer4_Start                             0x300038dc   ARM Code      24  timer_irq.o(.text)
    Timer4_Stop                              0x300038f4   ARM Code      24  timer_irq.o(.text)
    Timer4_Init                              0x3000390c   ARM Code     208  timer_irq.o(.text)
    Timer3_IRQ                               0x300039dc   ARM Code     536  timer_irq.o(.text)
    Timer3_Start                             0x30003c10   ARM Code      24  timer_irq.o(.text)
    Timer3_Stop                              0x30003c28   ARM Code      64  timer_irq.o(.text)
    Timer3_Init                              0x30003c68   ARM Code     208  timer_irq.o(.text)
    Timer2_IRQ                               0x30003d38   ARM Code      24  timer_irq.o(.text)
    Timer2_Start                             0x30003d6c   ARM Code      24  timer_irq.o(.text)
    Timer2_Stop                              0x30003d84   ARM Code      24  timer_irq.o(.text)
    Timer2_Init                              0x30003d9c   ARM Code     208  timer_irq.o(.text)
    Timer1_IRQ                               0x30003e6c   ARM Code      48  timer_irq.o(.text)
    Timer1_Start                             0x30003eb8   ARM Code      24  timer_irq.o(.text)
    Timer1_Stop                              0x30003ed0   ARM Code      24  timer_irq.o(.text)
    Timer1_Init                              0x30003ee8   ARM Code     208  timer_irq.o(.text)
    Timer0_IRQ                               0x30003fb8   ARM Code      68  timer_irq.o(.text)
    Timer0_Start                             0x30004018   ARM Code      24  timer_irq.o(.text)
    Timer0_Stop                              0x30004030   ARM Code      24  timer_irq.o(.text)
    Timer0_Init                              0x30004048   ARM Code     208  timer_irq.o(.text)
    Timer_Init                               0x30004118   ARM Code     100  timer_irq.o(.text)
    watchdog_reset                           0x300041fc   ARM Code      76  wdc.o(.text)
    SetWatchDog                              0x30004248   ARM Code      20  wdc.o(.text)
    ReadAdc0                                 0x3000427c   ARM Code     108  adc.o(.text)
    ReadAdc1                                 0x300042e8   ARM Code      96  adc.o(.text)
    ReadAdc2                                 0x30004348   ARM Code      96  adc.o(.text)
    ReadAdc3                                 0x300043a8   ARM Code      96  adc.o(.text)
    adc_init                                 0x30004408   ARM Code     128  adc.o(.text)
    delay_ms                                 0x30004488   ARM Code      32  adc.o(.text)
    Hsmmc_GetCardState                       0x300048ec   ARM Code      68  hsmmc.o(.text)
    Hsmmc_GetSdState                         0x30004930   ARM Code     252  hsmmc.o(.text)
    Hsmmc_Get_CSD                            0x30004a2c   ARM Code     312  hsmmc.o(.text)
    Hsmmc_EraseBlock                         0x30004c48   ARM Code     208  hsmmc.o(.text)
    Hsmmc_ReadBlock                          0x30004d18   ARM Code     420  hsmmc.o(.text)
    Hsmmc_WriteBlock                         0x30004ebc   ARM Code     476  hsmmc.o(.text)
    Hsmmc_Init                               0x30005098   ARM Code     956  hsmmc.o(.text)
    Hsmmc_exist                              0x30005454   ARM Code      12  hsmmc.o(.text)
    adcsininget                              0x30005460   ARM Code      40  yqadc.o(.text)
    setStdValue                              0x30005488   ARM Code     428  yqadc.o(.text)
    coin_env_init                            0x30005634   ARM Code      36  yqadc.o(.text)
    AD_Sample_All                            0x30005658   ARM Code    1044  yqadc.o(.text)
    cy_ad0_valueget                          0x30005a6c   ARM Code    1528  yqadc.o(.text)
    cy_ad1_valueget                          0x30006064   ARM Code     772  yqadc.o(.text)
    cy_ad2_valueget                          0x30006368   ARM Code     624  yqadc.o(.text)
    adstd_test                               0x300065d8   ARM Code     828  yqadc.o(.text)
    print_std_value                          0x30006914   ARM Code     456  yqadc.o(.text)
    adstd_offset                             0x30006adc   ARM Code    1212  yqadc.o(.text)
    send_sample_data                         0x30006f98   ARM Code     752  yqadc.o(.text)
    adstd_sample                             0x30007288   ARM Code     628  yqadc.o(.text)
    cy_adstd_adj                             0x300074fc   ARM Code     584  yqadc.o(.text)
    prepare_coin_cmp_value                   0x30007780   ARM Code     232  yqcoin.o(.text)
    is_good_coin                             0x30007868   ARM Code     580  yqcoin.o(.text)
    cy_precoincount                          0x30007aac   ARM Code    1344  yqcoin.o(.text)
    cy_coinlearn                             0x30007fec   ARM Code     776  yqcoin.o(.text)
    detect_read                              0x300082f4   ARM Code      60  yqcoin.o(.text)
    alertfuc                                 0x30008330   ARM Code    2148  yqcoin.o(.text)
    print_func                               0x30008b94   ARM Code    7424  yqfile.o(.text)
    comscreen                                0x3000a920   ARM Code      52  yqscreen.o(.text)
    touchget_from_uart2                      0x3000a954   ARM Code     440  yqscreen.o(.text)
    dgus_tfbeep                              0x3000ab0c   ARM Code      32  yqscreen.o(.text)
    dgus_chinese                             0x3000ab2c   ARM Code     108  yqscreen.o(.text)
    dgus_tf2word                             0x3000ab98   ARM Code      84  yqscreen.o(.text)
    dgus_tf1word                             0x3000abec   ARM Code      64  yqscreen.o(.text)
    disp_KJAmount                            0x3000ac2c   ARM Code      72  yqscreen.o(.text)
    disp_data                                0x3000ac74   ARM Code     124  yqscreen.o(.text)
    disp_allcount                            0x3000acf0   ARM Code     548  yqscreen.o(.text)
    disp_preselflearn                        0x3000af14   ARM Code     100  yqscreen.o(.text)
    test_repete                              0x3000af78   ARM Code     716  yqscreen.o(.text)
    counter_clear                            0x3000b244   ARM Code     216  yqscreen.o(.text)
    touchresult                              0x3000b31c   ARM Code    5604  yqscreen.o(.text)
    test_read_r_code                         0x3000c900   ARM Code      68  yqsqlite3.o(.text)
    test_write_r_code                        0x3000c944   ARM Code     108  yqsqlite3.o(.text)
    test_erase_r_code                        0x3000c9b0   ARM Code      68  yqsqlite3.o(.text)
    initial_nandflash                        0x3000c9f4   ARM Code    1088  yqsqlite3.o(.text)
    write_coin_value                         0x3000ce34   ARM Code     172  yqsqlite3.o(.text)
    write_kick_value                         0x3000cee0   ARM Code      40  yqsqlite3.o(.text)
    write_para                               0x3000cf08   ARM Code      32  yqsqlite3.o(.text)
    Writekick_value                          0x3000cf28   ARM Code      12  yqsqlite3.o(.text)
    read_kick_value                          0x3000cf34   ARM Code      40  yqsqlite3.o(.text)
    read_coin_value                          0x3000cf5c   ARM Code     908  yqsqlite3.o(.text)
    read_para                                0x3000d2e8   ARM Code      16  yqsqlite3.o(.text)
    ini_screen                               0x3000d2f8   ARM Code     532  yqsqlite3.o(.text)
    ini_picaddr                              0x3000d50c   ARM Code     180  yqsqlite3.o(.text)
    yqsql_exec                               0x3000d5c0   ARM Code    5200  yqsqlite3.o(.text)
    deviceinit                               0x3000ea10   ARM Code     308  yqdrive.o(.text)
    IR_detect_func                           0x3000eb44   ARM Code     500  yqdrive.o(.text)
    runfunction                              0x3000ed38   ARM Code     588  yqdrive.o(.text)
    system_env_init                          0x3000ef84   ARM Code      64  my_cmd.o(.text)
    simple_strtoul                           0x3000f10c   ARM Code     272  my_cmd.o(.text)
    simple_strtol                            0x3000f21c   ARM Code      72  my_cmd.o(.text)
    had_ctrlc                                0x3000f434   ARM Code      12  my_cmd.o(.text)
    find_cmd                                 0x3000f440   ARM Code     168  my_cmd.o(.text)
    parse_line                               0x3000f4e8   ARM Code     200  my_cmd.o(.text)
    clear_ctrlc                              0x3000f808   ARM Code      16  my_cmd.o(.text)
    my_run_command                           0x3000f818   ARM Code     504  my_cmd.o(.text)
    vTaskCmdAnalyze                          0x3000fa10   ARM Code     476  my_cmd.o(.text)
    run_command                              0x3000fbec   ARM Code     104  my_cmd.o(.text)
    AnalyseHEX                               0x3000fc54   ARM Code     220  my_cmd.o(.text)
    get_hex_struct                           0x3000fd30   ARM Code     432  my_cmd.o(.text)
    coin_clear_alarm                         0x3000fee0   ARM Code      48  my_cmd.o(.text)
    coin_print                               0x3000ff10   ARM Code      24  my_cmd.o(.text)
    coin_stop                                0x3000ff28   ARM Code      16  my_cmd.o(.text)
    coin_start                               0x3000ff38   ARM Code     104  my_cmd.o(.text)
    refresh_data                             0x3000ffa0   ARM Code     684  my_cmd.o(.text)
    get_hex_data                             0x3001024c   ARM Code     784  my_cmd.o(.text)
    CRC16                                    0x3001055c   ARM Code      72  my_cmd.o(.text)
    update_finish                            0x300105a4   ARM Code     308  my_cmd.o(.text)
    fill_rec_buf                             0x300106d8   ARM Code     736  my_cmd.o(.text)
    do_help                                  0x300109b8   ARM Code      80  my_cmd.o(.text)
    do_go                                    0x30010a08   ARM Code    1156  my_cmd.o(.text)
    get_coin_index                           0x30010e8c   ARM Code     492  my_cmd.o(.text)
    coin_clear                               0x30011078   ARM Code      12  my_cmd.o(.text)
    is_repeate                               0x30011084   ARM Code     952  my_cmd.o(.text)
    set_para_1                               0x3001143c   ARM Code     852  my_cmd.o(.text)
    print_system_env_info                    0x30011790   ARM Code     992  my_cmd.o(.text)
    set_para_2                               0x30011b70   ARM Code    1676  my_cmd.o(.text)
    write_to_flash                           0x300121fc   ARM Code     548  my_cmd.o(.text)
    save_prevalue_coin                       0x30012420   ARM Code    1048  my_cmd.o(.text)
    save_all_prevalue_coin                   0x30012838   ARM Code     248  my_cmd.o(.text)
    save_all_offsetvalue_coin                0x30012930   ARM Code     248  my_cmd.o(.text)
    save_all_stdvalue_coin                   0x30012a28   ARM Code     140  my_cmd.o(.text)
    run_step_motor                           0x30012ab4   ARM Code     200  my_cmd.o(.text)
    print_cmp_data                           0x30012b7c   ARM Code    1052  my_cmd.o(.text)
    print_ng_data                            0x30012f98   ARM Code     172  my_cmd.o(.text)
    set_para_3                               0x30013044   ARM Code     744  my_cmd.o(.text)
    set_para_4                               0x3001332c   ARM Code     240  my_cmd.o(.text)
    set_para_5                               0x3001341c   ARM Code     576  my_cmd.o(.text)
    set_para_7                               0x3001365c   ARM Code     228  my_cmd.o(.text)
    set_para_8                               0x30013740   ARM Code     116  my_cmd.o(.text)
    do_set                                   0x300137b4   ARM Code     412  my_cmd.o(.text)
    print_coin_env_info                      0x30013950   ARM Code     624  my_cmd.o(.text)
    print_good_data                          0x30013bc0   ARM Code     148  my_cmd.o(.text)
    print_coin_pre_value                     0x30013c54   ARM Code     396  my_cmd.o(.text)
    print_all_coin_pre_value                 0x30013de0   ARM Code     416  my_cmd.o(.text)
    print_all_country_pre_value              0x30013f80   ARM Code       4  my_cmd.o(.text)
    print_coin_pre_value_info                0x30013f84   ARM Code     100  my_cmd.o(.text)
    print_pre_count_set_value                0x30013fe8   ARM Code     100  my_cmd.o(.text)
    print_pre_count_current                  0x3001404c   ARM Code     100  my_cmd.o(.text)
    print_speed                              0x300140b0   ARM Code    2184  my_cmd.o(.text)
    do_print                                 0x30014938   ARM Code     476  my_cmd.o(.text)
    read_para_1                              0x30014b14   ARM Code     608  my_cmd.o(.text)
    read_para_2                              0x30014d74   ARM Code     212  my_cmd.o(.text)
    read_para_3                              0x30014e48   ARM Code     220  my_cmd.o(.text)
    do_read                                  0x30014f24   ARM Code     324  my_cmd.o(.text)
    write_sd_coin_coinfig                    0x30015068   ARM Code     740  my_cmd.o(.text)
    write_para_1                             0x3001534c   ARM Code     332  my_cmd.o(.text)
    write_para_3                             0x30015498   ARM Code     388  my_cmd.o(.text)
    write_para_4                             0x3001561c   ARM Code     196  my_cmd.o(.text)
    do_write                                 0x300156e0   ARM Code     116  my_cmd.o(.text)
    erase_para_2                             0x30015754   ARM Code      96  my_cmd.o(.text)
    do_erase                                 0x300157b4   ARM Code      60  my_cmd.o(.text)
    do_reset_cpu                             0x300157f0   ARM Code      28  my_cmd.o(.text)
    delete_db_all                            0x3001580c   ARM Code      28  my_cmd.o(.text)
    db_para_2                                0x30015828   ARM Code     320  my_cmd.o(.text)
    do_db                                    0x30015968   ARM Code      60  my_cmd.o(.text)
    do_task_manager                          0x300159a4   ARM Code     300  my_cmd.o(.text)
    do_print_version                         0x30015ad0   ARM Code      72  my_cmd.o(.text)
    do_receive                               0x30015b18   ARM Code     140  my_cmd.o(.text)
    ctrlc                                    0x30015ba4   ARM Code       8  my_cmd.o(.text)
    do_my_help                               0x30015bac   ARM Code     668  my_cmd.o(.text)
    disable_ctrlc                            0x30015e48   ARM Code      20  my_cmd.o(.text)
    coin_log                                 0x30015e7c   ARM Code     216  log.o(.text)
    disk_initialize                          0x30015f6c   ARM Code      92  diskio.o(.text)
    disk_status                              0x30015fc8   ARM Code      32  diskio.o(.text)
    disk_read                                0x30015fe8   ARM Code     112  diskio.o(.text)
    disk_write                               0x30016058   ARM Code     140  diskio.o(.text)
    disk_ioctl                               0x300160e4   ARM Code     496  diskio.o(.text)
    get_fattime                              0x300162d4   ARM Code      68  diskio.o(.text)
    ff_memalloc                              0x30016318   ARM Code      20  diskio.o(.text)
    ff_memfree                               0x3001632c   ARM Code      20  diskio.o(.text)
    clust2sect                               0x30016624   ARM Code      48  ff.o(.text)
    get_fat                                  0x30016654   ARM Code     388  ff.o(.text)
    put_fat                                  0x300167d8   ARM Code     520  ff.o(.text)
    f_mount                                  0x30018920   ARM Code     168  ff.o(.text)
    f_open                                   0x300189c8   ARM Code     672  ff.o(.text)
    f_read                                   0x30018c68   ARM Code     732  ff.o(.text)
    f_write                                  0x30018f44   ARM Code     860  ff.o(.text)
    f_sync                                   0x300192a0   ARM Code     316  ff.o(.text)
    f_close                                  0x300193dc   ARM Code      64  ff.o(.text)
    f_chdir                                  0x3001941c   ARM Code     204  ff.o(.text)
    f_getcwd                                 0x300194e8   ARM Code     576  ff.o(.text)
    f_lseek                                  0x30019728   ARM Code     704  ff.o(.text)
    f_opendir                                0x300199e8   ARM Code     264  ff.o(.text)
    f_closedir                               0x30019af0   ARM Code      44  ff.o(.text)
    f_readdir                                0x30019b1c   ARM Code     204  ff.o(.text)
    f_stat                                   0x30019be8   ARM Code     160  ff.o(.text)
    f_getfree                                0x30019c88   ARM Code     432  ff.o(.text)
    f_truncate                               0x30019e38   ARM Code     360  ff.o(.text)
    f_unlink                                 0x30019fa0   ARM Code     420  ff.o(.text)
    f_mkdir                                  0x3001a144   ARM Code     672  ff.o(.text)
    f_chmod                                  0x3001a3e4   ARM Code     228  ff.o(.text)
    f_utime                                  0x3001a4c8   ARM Code     240  ff.o(.text)
    f_rename                                 0x3001a5b8   ARM Code     580  ff.o(.text)
    f_mkfs                                   0x3001a7fc   ARM Code    2772  ff.o(.text)
    f_gets                                   0x3001b2d0   ARM Code     152  ff.o(.text)
    f_putc                                   0x3001b3f8   ARM Code     120  ff.o(.text)
    f_puts                                   0x3001b470   ARM Code     136  ff.o(.text)
    f_printf                                 0x3001b4f8   ARM Code    1132  ff.o(.text)
    ff_convert                               0x3001b964   ARM Code     136  ccsbcs.o(.text)
    ff_wtoupper                              0x3001b9ec   ARM Code     100  ccsbcs.o(.text)
    __rt_ctype_table                         0x3001ba5c   ARM Code      20  rt_ctype_table.o(.text)
    malloc                                   0x3001ba71   Thumb Code    98  h1_alloc.o(.text)
    free                                     0x3001bad3   Thumb Code    76  h1_free.o(.text)
    tolower                                  0x3001bb1f   Thumb Code    26  tolower.o(.text)
    toupper                                  0x3001bb39   Thumb Code    30  toupper.o(.text)
    vsprintf                                 0x3001bb59   Thumb Code    32  vsprintf.o(.text)
    __2sprintf                               0x3001bb7d   Thumb Code    40  __2sprintf.o(.text)
    _printf_pre_padding                      0x3001bba9   Thumb Code    44  _printf_pad.o(.text)
    _printf_post_padding                     0x3001bbd5   Thumb Code    34  _printf_pad.o(.text)
    _printf_str                              0x3001bbf7   Thumb Code    82  _printf_str.o(.text)
    Inline ARM to Thumb Veneer to _printf_int_dec 0x3001bc48   ARM Code       8  _printf_dec.o(.text)
    _printf_int_dec                          0x3001bc51   Thumb Code    90  _printf_dec.o(.text)
    Inline ARM to Thumb Veneer to _printf_hex_ptr 0x3001bcbc   ARM Code       8  _printf_hex_int_ll_ptr.o(.text)
    _printf_longlong_hex                     0x3001bcc5   Thumb Code    88  _printf_hex_int_ll_ptr.o(.text)
    _printf_int_hex                          0x3001bd1d   Thumb Code    28  _printf_hex_int_ll_ptr.o(.text)
    _printf_ll_hex                           0x3001bd39   Thumb Code    10  _printf_hex_int_ll_ptr.o(.text)
    _printf_hex_ptr                          0x3001bd43   Thumb Code    22  _printf_hex_int_ll_ptr.o(.text)
    __printf                                 0x3001bd5d   Thumb Code   386  __printf_flags_ss_wp.o(.text)
    strchr                                   0x3001bee5   Thumb Code    22  strchr.o(.text)
    strcpy                                   0x3001befd   Thumb Code    72  strcpy.o(.text)
    strlen                                   0x3001bf49   Thumb Code    62  strlen.o(.text)
    strncmp                                  0x3001bf8d   Thumb Code   144  strncmp.o(.text)
    __aeabi_memcpy4                          0x3001c020   ARM Code       0  rt_memcpy_w.o(.text)
    __aeabi_memcpy8                          0x3001c020   ARM Code       0  rt_memcpy_w.o(.text)
    __rt_memcpy_w                            0x3001c020   ARM Code     100  rt_memcpy_w.o(.text)
    _memcpy_lastbytes_aligned                0x3001c06c   ARM Code       0  rt_memcpy_w.o(.text)
    __aeabi_memset                           0x3001c084   ARM Code      16  aeabi_memset.o(.text)
    __aeabi_memclr4                          0x3001c094   ARM Code       0  rt_memclr_w.o(.text)
    __aeabi_memclr8                          0x3001c094   ARM Code       0  rt_memclr_w.o(.text)
    __rt_memclr_w                            0x3001c094   ARM Code      84  rt_memclr_w.o(.text)
    _memset_w                                0x3001c098   ARM Code       0  rt_memclr_w.o(.text)
    strcmp                                   0x3001c0e8   ARM Code     240  strcmp.o(.text)
    __aeabi_idiv                             0x3001c1dc   ARM Code       0  aeabi_sdiv.o(.text)
    __aeabi_idivmod                          0x3001c1dc   ARM Code     380  aeabi_sdiv.o(.text)
    __use_two_region_memory                  0x3001c359   Thumb Code     2  heapauxi.o(.text)
    __rt_heap_escrow                         0x3001c35b   Thumb Code     2  heapauxi.o(.text)
    __rt_heap_expand                         0x3001c35d   Thumb Code     2  heapauxi.o(.text)
    __rt_heap_descriptor                     0x3001c360   ARM Code      12  rt_heap_descriptor_intlibspace.o(.text)
    __rt_locale                              0x3001c36c   ARM Code      12  rt_locale_intlibspace.o(.text)
    __use_no_heap                            0x3001c379   Thumb Code     2  hguard.o(.text)
    __heap$guard                             0x3001c37b   Thumb Code     2  hguard.o(.text)
    _terminate_user_alloc                    0x3001c37d   Thumb Code     2  init_alloc.o(.text)
    _init_user_alloc                         0x3001c37f   Thumb Code     2  init_alloc.o(.text)
    __Heap_Full                              0x3001c381   Thumb Code    32  init_alloc.o(.text)
    __Heap_Broken                            0x3001c3a1   Thumb Code    10  init_alloc.o(.text)
    _init_alloc                              0x3001c3ab   Thumb Code    90  init_alloc.o(.text)
    __Heap_Initialize                        0x3001c405   Thumb Code    10  h1_init.o(.text)
    __Heap_DescSize                          0x3001c40f   Thumb Code     4  h1_init.o(.text)
    _printf_truncate_signed                  0x3001c413   Thumb Code    22  _printf_truncate.o(.text)
    _printf_truncate_unsigned                0x3001c429   Thumb Code    22  _printf_truncate.o(.text)
    _printf_int_common                       0x3001c43f   Thumb Code   176  _printf_intcommon.o(.text)
    Inline ARM to Thumb Veneer to _printf_charcount 0x3001c4f0   ARM Code       8  _printf_charcount.o(.text)
    _printf_charcount                        0x3001c4f9   Thumb Code    38  _printf_charcount.o(.text)
    _printf_char_common                      0x3001c52b   Thumb Code    32  _printf_char_common.o(.text)
    _sputc                                   0x3001c551   Thumb Code    10  _sputc.o(.text)
    Inline ARM to Thumb Veneer to _printf_char 0x3001c55c   ARM Code       8  _printf_char.o(.text)
    _printf_cs_common                        0x3001c565   Thumb Code    22  _printf_char.o(.text)
    _printf_char                             0x3001c57b   Thumb Code    16  _printf_char.o(.text)
    _printf_string                           0x3001c58b   Thumb Code     8  _printf_char.o(.text)
    _printf_wctomb                           0x3001c595   Thumb Code   182  _printf_wctomb.o(.text)
    Inline ARM to Thumb Veneer to _printf_longlong_dec 0x3001c650   ARM Code       8  _printf_longlong_dec.o(.text)
    _printf_longlong_dec                     0x3001c659   Thumb Code    94  _printf_longlong_dec.o(.text)
    Inline ARM to Thumb Veneer to _printf_int_oct 0x3001c6c8   ARM Code       8  _printf_oct_int_ll.o(.text)
    _printf_longlong_oct                     0x3001c6d1   Thumb Code    68  _printf_oct_int_ll.o(.text)
    _printf_int_oct                          0x3001c715   Thumb Code    24  _printf_oct_int_ll.o(.text)
    _printf_ll_oct                           0x3001c72d   Thumb Code    10  _printf_oct_int_ll.o(.text)
    __aeabi_memclr                           0x3001c740   ARM Code       0  rt_memclr.o(.text)
    __rt_memclr                              0x3001c740   ARM Code      64  rt_memclr.o(.text)
    _memset                                  0x3001c744   ARM Code       0  rt_memclr.o(.text)
    __rt_udiv10                              0x3001c780   ARM Code      44  rtudiv10.o(.text)
    __user_libspace                          0x3001c7ac   ARM Code      12  libspace.o(.text)
    __user_perproc_libspace                  0x3001c7ac   ARM Code       0  libspace.o(.text)
    __user_perthread_libspace                0x3001c7ac   ARM Code       0  libspace.o(.text)
    __Heap_ProvideMemory                     0x3001c7b9   Thumb Code    52  h1_extend.o(.text)
    _ll_udiv10                               0x3001c7ec   ARM Code     152  lludiv10.o(.text)
    __lib_sel_fp_printf                      0x3001c885   Thumb Code     2  _printf_fp_dec.o(.text)
    _printf_fp_dec_real                      0x3001ca1d   Thumb Code   620  _printf_fp_dec.o(.text)
    Inline ARM to Thumb Veneer to _printf_fp_hex_real 0x3001cc94   ARM Code       8  _printf_fp_hex.o(.text)
    _printf_fp_hex_real                      0x3001cc9d   Thumb Code   718  _printf_fp_hex.o(.text)
    Inline ARM to Thumb Veneer to _printf_wchar 0x3001cf74   ARM Code       8  _printf_wchar.o(.text)
    _printf_lcs_common                       0x3001cf7d   Thumb Code    22  _printf_wchar.o(.text)
    _printf_wchar                            0x3001cf93   Thumb Code    16  _printf_wchar.o(.text)
    _printf_wstring                          0x3001cfa3   Thumb Code     8  _printf_wchar.o(.text)
    _wcrtomb                                 0x3001cfab   Thumb Code    64  _wcrtomb.o(.text)
    __rt_SIGRTMEM                            0x3001cfeb   Thumb Code    12  defsig_rtmem_outer.o(.text)
    __I$use$semihosting                      0x3001cff8   ARM Code       0  use_no_semi.o(.text)
    __use_no_semihosting_swi                 0x3001cff8   ARM Code       4  use_no_semi.o(.text)
    __semihosting_library_function           0x3001cffc   ARM Code       0  indicate_semi.o(.text)
    __user_setup_stackheap                   0x3001cffc   ARM Code      96  sys_stackheap_outer.o(.text)
    _printf_fp_infnan                        0x3001d05d   Thumb Code   120  _printf_fp_infnan.o(.text)
    _btod_etento                             0x3001d0e5   Thumb Code   202  bigflt0.o(.text)
    exit                                     0x3001d1b5   Thumb Code    16  exit.o(.text)
    __sig_exit                               0x3001d1c5   Thumb Code    12  defsig_exit.o(.text)
    __rt_SIGRTMEM_inner                      0x3001d1d1   Thumb Code    22  defsig_rtmem_inner.o(.text)
    _sys_exit                                0x3001d221   Thumb Code     8  sys_exit.o(.text)
    __default_signal_display                 0x3001d22d   Thumb Code    52  defsig_general.o(.text)
    _ttywrch                                 0x3001d261   Thumb Code    12  sys_wrch.o(.text)
    __aeabi_uidiv                            0x3001d26c   ARM Code       0  aeabi_sdiv.o(.text_udiv)
    __aeabi_uidivmod                         0x3001d26c   ARM Code      36  aeabi_sdiv.o(.text_udiv)
    _btod_d2e                                0x3001d290   ARM Code      56  btod.o(CL$$btod_d2e)
    _d2e_denorm_low                          0x3001d2c8   ARM Code      84  btod.o(CL$$btod_d2e_denorm_low)
    _d2e_norm_op1                            0x3001d31c   ARM Code     104  btod.o(CL$$btod_d2e_norm_op1)
    __btod_div_common                        0x3001d384   ARM Code     712  btod.o(CL$$btod_div_common)
    _e2e                                     0x3001d6cc   ARM Code     220  btod.o(CL$$btod_e2e)
    _btod_ediv                               0x3001d7a8   ARM Code      48  btod.o(CL$$btod_ediv)
    _btod_emul                               0x3001d7d8   ARM Code      48  btod.o(CL$$btod_emul)
    __btod_mult_common                       0x3001d808   ARM Code     612  btod.o(CL$$btod_mult_common)
    Long ARM to Thumb Veneer to _printf_int_hex 0x3001da6c   ARM Code       8  anon$$obj.o(Veneer$$Code)
    Long ARM to Thumb Veneer to _printf_ll_oct 0x3001da74   ARM Code       8  anon$$obj.o(Veneer$$Code)
    Long ARM to Thumb Veneer to _printf_ll_hex 0x3001da7c   ARM Code       8  anon$$obj.o(Veneer$$Code)
    Long ARM to Thumb Veneer to _printf_string 0x3001da84   ARM Code       8  anon$$obj.o(Veneer$$Code)
    Long ARM to Thumb Veneer to _printf_wstring 0x3001da8c   ARM Code       8  anon$$obj.o(Veneer$$Code)
    Long ARM to Thumb Veneer to _printf_fp_dec_real 0x3001da94   ARM Code       8  anon$$obj.o(Veneer$$Code)
    __ARM_fpclassify                         0x3001da9c   ARM Code      44  fpclassify.o(i.__ARM_fpclassify)
    _is_digit                                0x3001dacd   Thumb Code    14  __printf_wp.o(i._is_digit)
    _get_lc_ctype                            0x3001dadc   ARM Code      72  lc_ctype_c.o(locale$$code)
    _get_lc_numeric                          0x3001db24   ARM Code      72  lc_numeric_c.o(locale$$code)
    __ieee_status                            0x3001db6c   ARM Code       8  istatus.o(x$fpl$ieeestatus)
    _printf_fp_dec                           0x3001db74   ARM Code       4  printf1.o(x$fpl$printf1)
    _printf_fp_hex                           0x3001db78   ARM Code       4  printf2.o(x$fpl$printf2)
    __I$use$fp                               0x3001db7c   Number         0  usenofp.o(x$fpl$usenofp)
    cmd_list                                 0x3001dbfc   Data         160  my_cmd.o(.constdata)
    Region$$Table$$Base                      0x3001f160   Number         0  anon$$obj.o(Region$$Table)
    Region$$Table$$Limit                     0x3001f190   Number         0  anon$$obj.o(Region$$Table)
    __ctype                                  0x3001f19d   Data           0  lc_ctype_c.o(locale$$data)
    alertflag                                0x32000000   Data           1  main.o(.data)
    time_20ms                                0x32000004   Data           4  main.o(.data)
    time_20ms_old                            0x32000008   Data           4  main.o(.data)
    tscount                                  0x32000024   Data           4  timer_irq.o(.data)
    SystemTick                               0x32000028   Data           4  timer_irq.o(.data)
    ad0_value_changed                        0x32000038   Data           4  adc.o(.data)
    adtime                                   0x32000048   Data           4  yqadc.o(.data)
    ad0_mintemp                              0x3200004c   Data           2  yqadc.o(.data)
    ad0_maxtemp                              0x3200004e   Data           2  yqadc.o(.data)
    wave0down_flagone                        0x32000050   Data           2  yqadc.o(.data)
    wave0up_flagone                          0x32000052   Data           2  yqadc.o(.data)
    wave0up_flag                             0x32000054   Data           2  yqadc.o(.data)
    wave0down_flagtwo                        0x32000056   Data           2  yqadc.o(.data)
    ch0_count                                0x32000058   Data           4  yqadc.o(.data)
    ch0_pre_count                            0x3200005c   Data           4  yqadc.o(.data)
    ch0_coin_come                            0x32000060   Data           4  yqadc.o(.data)
    ch0_coin_leave                           0x32000064   Data           2  yqadc.o(.data)
    blockflag                                0x32000066   Data           2  yqadc.o(.data)
    ad0_min                                  0x32000068   Data           2  yqadc.o(.data)
    ad0_ad_value                             0x3200006a   Data           2  yqadc.o(.data)
    ad0_temp_value                           0x3200006c   Data           2  yqadc.o(.data)
    ad0_samp_number                          0x3200006e   Data           2  yqadc.o(.data)
    ad1_temp_value                           0x32000070   Data           2  yqadc.o(.data)
    ad1_samp_number                          0x32000072   Data           2  yqadc.o(.data)
    ad2_temp_value                           0x32000074   Data           2  yqadc.o(.data)
    ad2_samp_number                          0x32000076   Data           2  yqadc.o(.data)
    ad1_ad_value                             0x32000078   Data           2  yqadc.o(.data)
    ad1_mintemp                              0x3200007a   Data           2  yqadc.o(.data)
    ad1_maxtemp                              0x3200007c   Data           2  yqadc.o(.data)
    wave1down_flagone                        0x3200007e   Data           2  yqadc.o(.data)
    wave1up_flagone                          0x32000080   Data           2  yqadc.o(.data)
    wave1up_flagtwo                          0x32000082   Data           2  yqadc.o(.data)
    wave1down_flagtwo                        0x32000084   Data           2  yqadc.o(.data)
    ch1_count                                0x32000088   Data           4  yqadc.o(.data)
    ad1_min                                  0x3200008c   Data           2  yqadc.o(.data)
    ch1_coin_come                            0x32000090   Data           4  yqadc.o(.data)
    ad2_ad_value                             0x32000094   Data           2  yqadc.o(.data)
    ad2_mintemp                              0x32000096   Data           2  yqadc.o(.data)
    wave2up_flagone                          0x32000098   Data           2  yqadc.o(.data)
    ch2_count                                0x3200009c   Data           4  yqadc.o(.data)
    ch2_coin_come                            0x320000a0   Data           4  yqadc.o(.data)
    ad2_min                                  0x320000a4   Data           2  yqadc.o(.data)
    ch1_count1temp                           0x320000a8   Data           4  yqadc.o(.data)
    coin_cross_time                          0x320000ac   Data           4  yqadc.o(.data)
    std_ad0                                  0x320000b0   Data           2  yqadc.o(.data)
    std_ad1                                  0x320000b2   Data           2  yqadc.o(.data)
    std_ad2                                  0x320000b4   Data           2  yqadc.o(.data)
    std_ad3                                  0x320000b6   Data           2  yqadc.o(.data)
    temperstd                                0x320000b8   Data           4  yqadc.o(.data)
    temperpre                                0x320000bc   Data           4  yqadc.o(.data)
    cn0copmaxc0                              0x320000c0   Data           4  yqadc.o(.data)
    cn0copminc0                              0x320000c4   Data           4  yqadc.o(.data)
    cn0copmaxc1                              0x320000c8   Data           4  yqadc.o(.data)
    cn0copminc1                              0x320000cc   Data           4  yqadc.o(.data)
    cn0copmaxc2                              0x320000d0   Data           4  yqadc.o(.data)
    cn0copminc2                              0x320000d4   Data           4  yqadc.o(.data)
    start_sample                             0x320000d8   Data           4  yqadc.o(.data)
    ng_value_index                           0x320000e4   Data           4  yqadc.o(.data)
    good_value_index                         0x320000e8   Data           4  yqadc.o(.data)
    sample_data_buf_index                    0x320000ec   Data           4  yqadc.o(.data)
    detect_sample_data_buf_index             0x320000f0   Data           4  yqadc.o(.data)
    L_H_min                                  0x320000f4   Data           4  yqadc.o(.data)
    L_M_min                                  0x320000f8   Data           4  yqadc.o(.data)
    M_H_min                                  0x320000fc   Data           4  yqadc.o(.data)
    L_H_max                                  0x32000100   Data           4  yqadc.o(.data)
    L_M_max                                  0x32000104   Data           4  yqadc.o(.data)
    M_H_max                                  0x32000108   Data           4  yqadc.o(.data)
    ccstep                                   0x3200010c   Data           2  yqcoin.o(.data)
    coin_value0                              0x3200010e   Data           2  yqcoin.o(.data)
    coin_value1                              0x32000110   Data           2  yqcoin.o(.data)
    coin_value2                              0x32000112   Data           2  yqcoin.o(.data)
    ch0_counttemp                            0x32000114   Data           4  yqcoin.o(.data)
    ch1_counttemp                            0x32000118   Data           4  yqcoin.o(.data)
    ch2_counttemp                            0x3200011c   Data           4  yqcoin.o(.data)
    coin_maxvalue0                           0x32000120   Data           2  yqcoin.o(.data)
    coin_minvalue0                           0x32000122   Data           2  yqcoin.o(.data)
    coin_maxvalue1                           0x32000124   Data           2  yqcoin.o(.data)
    coin_minvalue1                           0x32000126   Data           2  yqcoin.o(.data)
    coin_maxvalue2                           0x32000128   Data           2  yqcoin.o(.data)
    coin_minvalue2                           0x3200012a   Data           2  yqcoin.o(.data)
    coine                                    0x3200012c   Data          88  yqcoin.o(.data)
    coinlearnnumber                          0x32000184   Data           4  yqcoin.o(.data)
    coin_tips                                0x32000188   Data          36  yqcoin.o(.data)
    prepic_prenum                            0x320001ac   Data           2  yqcoin.o(.data)
    coinchoose                               0x320001ae   Data           1  yqfile.o(.data)
    dgus_readt                               0x320001af   Data           6  yqfile.o(.data)
    uartcount                                0x320001b8   Data           2  yqscreen.o(.data)
    touch_flag                               0x320001ba   Data           2  yqscreen.o(.data)
    dgus_beep                                0x320001bc   Data           6  yqscreen.o(.data)
    dgus_2word                               0x320001c2   Data          10  yqscreen.o(.data)
    dgus_1word                               0x320001cc   Data           8  yqscreen.o(.data)
    Disp_Indexpic                            0x320001d4   Data        1785  yqscreen.o(.data)
    scrdis                                   0x320008cd   Data         250  yqscreen.o(.data)
    prepic_num                               0x320009c8   Data           2  yqscreen.o(.data)
    db_id                                    0x320009cc   Data           4  yqscreen.o(.data)
    runtime                                  0x320009d0   Data           4  yqdrive.o(.data)
    runstep                                  0x320009d4   Data           2  yqdrive.o(.data)
    time                                     0x320009d8   Data           4  yqdrive.o(.data)
    len                                      0x320009e8   Data           4  my_cmd.o(.data)
    str                                      0x320009ec   Data           8  my_cmd.o(.data)
    auchCRCHi                                0x320009f4   Data         256  my_cmd.o(.data)
    auchCRCLo                                0x32000af4   Data         256  my_cmd.o(.data)
    coin_env                                 0x32000c88   Data         110  yqadc.o(.bss)
    ad0_ad_value_buf                         0x32000cf6   Data          32  yqadc.o(.bss)
    ad1_ad_value_buf                         0x32000d16   Data          32  yqadc.o(.bss)
    ad2_ad_value_buf                         0x32000d36   Data          32  yqadc.o(.bss)
    coin_cmp_value                           0x32000d56   Data         132  yqadc.o(.bss)
    AD_Value_buf                             0x32000dda   Data       262144  yqadc.o(.bss)
    Detect_AD_Value_buf                      0x32040dda   Data       262144  yqadc.o(.bss)
    NG_value_buf                             0x32080dda   Data       32768  yqadc.o(.bss)
    GOOD_value_buf                           0x32088dda   Data       32768  yqadc.o(.bss)
    processed_coin_info                      0x32090ddc   Data          24  yqcoin.o(.bss)
    coin_num                                 0x32090df4   Data          44  yqcoin.o(.bss)
    touch_serialnum                          0x32090e20   Data          32  yqscreen.o(.bss)
    touchnum                                 0x32090e40   Data          32  yqscreen.o(.bss)
    precoin_set                              0x32090e60   Data         176  yqscreen.o(.bss)
    para_set_value                           0x32090f10   Data        2048  yqsqlite3.o(.bss)
    pre_value                                0x32091710   Data       32768  yqsqlite3.o(.bss)
    cmd_analyze                              0x32099710   Data        1064  my_cmd.o(.bss)
    sys_env                                  0x32099b38   Data          36  my_cmd.o(.bss)
    iap_code_buf                             0x32099b5c   Data       262144  my_cmd.o(.bss)
    __libspace_start                         0x320d9b5c   Data          96  libspace.o(.bss)
    __temporary_stack_top$libspace           0x320d9bbc   Data           0  libspace.o(.bss)
    Image$$MY_CMD_RO_SEC$$Base               0x320db320   Number         0  anon$$obj.o ABSOLUTE
    __my_cmd_task_manager                    0x320db320   Data          24  my_cmd.o(my_cmd_sec)
    __my_cmd_version                         0x320db338   Data          24  my_cmd.o(my_cmd_sec)
    __my_cmd_receive                         0x320db350   Data          24  my_cmd.o(my_cmd_sec)
    __my_cmd_help                            0x320db368   Data          24  my_cmd.o(my_cmd_sec)
    __u_my__cmd_question_mark                0x320db380   Data          24  my_cmd.o(my_cmd_sec)
    Image$$RW_NO_CACHE$$Base                 0x32100000   Number         0  anon$$obj.o ABSOLUTE
    Image$$RW_MMU$$Base                      0x32104000   Number         0  anon$$obj.o ABSOLUTE
    code_flag                                0x32104000   Data           4  main.o(.ARM.__AT_0x32104000)



==============================================================================

Memory Map of the image

  Image Entry point : 0x30001778

  Load Region LR_IROM1 (Base: 0x30000000, Size: 0x0001ff3c, Max: 0xffffffff, ABSOLUTE, COMPRESSED[0x0001f740])

    Execution Region ER_ROM0 (Base: 0x30000000, Size: 0x00001778, Max: 0x00002000, ABSOLUTE)

    Base Addr    Size         Type   Attr      Idx    E Section Name        Object

    0x30000000   0x00000108   Code   RO          218    RESET               s3c2416.o
    0x30000108   0x000000a0   Code   RO          174    .emb_text           mmu.o
    0x300001a8   0x000001f8   Code   RO          160    .text               exception.o
    0x300003a0   0x0000021c   Code   RO          175    .text               mmu.o
    0x300005bc   0x00000fd8   Code   RO          197    .text               nand.o
    0x30001594   0x000001e4   Code   RO          213    LOWLEVELINIT        lowlevelinit.o


    Execution Region ER_ROM1 (Base: 0x30001778, Size: 0x0001db44, Max: 0x01ffe000, ABSOLUTE)

    Base Addr    Size         Type   Attr      Idx    E Section Name        Object

    0x30001778   0x00000008   Code   RO          725  * !!!main             c_5.l(__main.o)
    0x30001780   0x0000003c   Code   RO         1049    !!!scatter          c_5.l(__scatter.o)
    0x300017bc   0x0000005c   Code   RO         1047    !!dczerorl2         c_5.l(__dczerorl2.o)
    0x30001818   0x00000028   Code   RO         1051    !!handler_copy      c_5.l(__scatter_copy.o)
    0x30001840   0x0000002c   Code   RO         1053    !!handler_zi        c_5.l(__scatter_zi.o)
    0x3000186c   0x00000000   Code   RO          690    .ARM.Collect$$_printf_percent$$00000000  c_5.l(_printf_percent.o)
    0x3000186c   0x00000008   Code   RO          788    .ARM.Collect$$_printf_percent$$00000001  c_5.l(_printf_n.o)
    0x30001874   0x00000008   Code   RO          789    .ARM.Collect$$_printf_percent$$00000002  c_5.l(_printf_p.o)
    0x3000187c   0x00000008   Code   RO          793    .ARM.Collect$$_printf_percent$$00000003  c_5.l(_printf_f.o)
    0x30001884   0x00000008   Code   RO          794    .ARM.Collect$$_printf_percent$$00000004  c_5.l(_printf_e.o)
    0x3000188c   0x00000008   Code   RO          795    .ARM.Collect$$_printf_percent$$00000005  c_5.l(_printf_g.o)
    0x30001894   0x00000008   Code   RO          796    .ARM.Collect$$_printf_percent$$00000006  c_5.l(_printf_a.o)
    0x3000189c   0x0000000c   Code   RO          801    .ARM.Collect$$_printf_percent$$00000007  c_5.l(_printf_ll.o)
    0x300018a8   0x00000008   Code   RO          791    .ARM.Collect$$_printf_percent$$00000008  c_5.l(_printf_i.o)
    0x300018b0   0x00000008   Code   RO          689    .ARM.Collect$$_printf_percent$$00000009  c_5.l(_printf_d.o)
    0x300018b8   0x00000008   Code   RO          792    .ARM.Collect$$_printf_percent$$0000000A  c_5.l(_printf_u.o)
    0x300018c0   0x00000008   Code   RO          790    .ARM.Collect$$_printf_percent$$0000000B  c_5.l(_printf_o.o)
    0x300018c8   0x00000008   Code   RO          688    .ARM.Collect$$_printf_percent$$0000000C  c_5.l(_printf_x.o)
    0x300018d0   0x00000008   Code   RO          798    .ARM.Collect$$_printf_percent$$0000000D  c_5.l(_printf_lli.o)
    0x300018d8   0x00000008   Code   RO          799    .ARM.Collect$$_printf_percent$$0000000E  c_5.l(_printf_lld.o)
    0x300018e0   0x00000008   Code   RO          800    .ARM.Collect$$_printf_percent$$0000000F  c_5.l(_printf_llu.o)
    0x300018e8   0x00000008   Code   RO          805    .ARM.Collect$$_printf_percent$$00000010  c_5.l(_printf_llo.o)
    0x300018f0   0x00000008   Code   RO          806    .ARM.Collect$$_printf_percent$$00000011  c_5.l(_printf_llx.o)
    0x300018f8   0x0000000c   Code   RO          802    .ARM.Collect$$_printf_percent$$00000012  c_5.l(_printf_l.o)
    0x30001904   0x00000008   Code   RO          787    .ARM.Collect$$_printf_percent$$00000013  c_5.l(_printf_c.o)
    0x3000190c   0x00000008   Code   RO          687    .ARM.Collect$$_printf_percent$$00000014  c_5.l(_printf_s.o)
    0x30001914   0x00000008   Code   RO          803    .ARM.Collect$$_printf_percent$$00000015  c_5.l(_printf_lc.o)
    0x3000191c   0x00000008   Code   RO          804    .ARM.Collect$$_printf_percent$$00000016  c_5.l(_printf_ls.o)
    0x30001924   0x00000008   Code   RO          797    .ARM.Collect$$_printf_percent$$00000017  c_5.l(_printf_percent_end.o)
    0x3000192c   0x00000002   Code   RO          981    .ARM.Collect$$libinit$$00000000  c_5.l(libinit.o)
    0x3000192e   0x00000000   Code   RO          817    .ARM.Collect$$libinit$$00000002  c_5.l(libinit2.o)
    0x3000192e   0x00000000   Code   RO          819    .ARM.Collect$$libinit$$00000004  c_5.l(libinit2.o)
    0x3000192e   0x00000008   Code   RO          820    .ARM.Collect$$libinit$$00000005  c_5.l(libinit2.o)
    0x30001936   0x00000000   Code   RO          822    .ARM.Collect$$libinit$$0000000A  c_5.l(libinit2.o)
    0x30001936   0x00000000   Code   RO          824    .ARM.Collect$$libinit$$0000000C  c_5.l(libinit2.o)
    0x30001936   0x00000000   Code   RO          826    .ARM.Collect$$libinit$$0000000E  c_5.l(libinit2.o)
    0x30001936   0x00000006   Code   RO          827    .ARM.Collect$$libinit$$0000000F  c_5.l(libinit2.o)
    0x3000193c   0x00000000   Code   RO          829    .ARM.Collect$$libinit$$00000011  c_5.l(libinit2.o)
    0x3000193c   0x0000000c   Code   RO          830    .ARM.Collect$$libinit$$00000012  c_5.l(libinit2.o)
    0x30001948   0x00000000   Code   RO          831    .ARM.Collect$$libinit$$00000013  c_5.l(libinit2.o)
    0x30001948   0x00000000   Code   RO          833    .ARM.Collect$$libinit$$00000015  c_5.l(libinit2.o)
    0x30001948   0x0000000a   Code   RO          834    .ARM.Collect$$libinit$$00000016  c_5.l(libinit2.o)
    0x30001952   0x00000000   Code   RO          835    .ARM.Collect$$libinit$$00000017  c_5.l(libinit2.o)
    0x30001952   0x00000000   Code   RO          837    .ARM.Collect$$libinit$$00000019  c_5.l(libinit2.o)
    0x30001952   0x00000000   Code   RO          839    .ARM.Collect$$libinit$$0000001B  c_5.l(libinit2.o)
    0x30001952   0x00000000   Code   RO          841    .ARM.Collect$$libinit$$0000001D  c_5.l(libinit2.o)
    0x30001952   0x00000000   Code   RO          843    .ARM.Collect$$libinit$$0000001F  c_5.l(libinit2.o)
    0x30001952   0x00000000   Code   RO          845    .ARM.Collect$$libinit$$00000021  c_5.l(libinit2.o)
    0x30001952   0x00000000   Code   RO          847    .ARM.Collect$$libinit$$00000023  c_5.l(libinit2.o)
    0x30001952   0x00000000   Code   RO          849    .ARM.Collect$$libinit$$00000025  c_5.l(libinit2.o)
    0x30001952   0x00000000   Code   RO          853    .ARM.Collect$$libinit$$0000002C  c_5.l(libinit2.o)
    0x30001952   0x00000000   Code   RO          855    .ARM.Collect$$libinit$$0000002E  c_5.l(libinit2.o)
    0x30001952   0x00000000   Code   RO          857    .ARM.Collect$$libinit$$00000030  c_5.l(libinit2.o)
    0x30001952   0x00000000   Code   RO          859    .ARM.Collect$$libinit$$00000032  c_5.l(libinit2.o)
    0x30001952   0x00000002   Code   RO          860    .ARM.Collect$$libinit$$00000033  c_5.l(libinit2.o)
    0x30001954   0x00000002   Code   RO         1044    .ARM.Collect$$libshutdown$$00000000  c_5.l(libshutdown.o)
    0x30001956   0x00000000   Code   RO         1002    .ARM.Collect$$libshutdown$$00000002  c_5.l(libshutdown2.o)
    0x30001956   0x00000000   Code   RO         1004    .ARM.Collect$$libshutdown$$00000004  c_5.l(libshutdown2.o)
    0x30001956   0x00000000   Code   RO         1007    .ARM.Collect$$libshutdown$$00000007  c_5.l(libshutdown2.o)
    0x30001956   0x00000000   Code   RO         1010    .ARM.Collect$$libshutdown$$0000000A  c_5.l(libshutdown2.o)
    0x30001956   0x00000000   Code   RO         1012    .ARM.Collect$$libshutdown$$0000000C  c_5.l(libshutdown2.o)
    0x30001956   0x00000000   Code   RO         1015    .ARM.Collect$$libshutdown$$0000000F  c_5.l(libshutdown2.o)
    0x30001956   0x00000002   Code   RO         1016    .ARM.Collect$$libshutdown$$00000010  c_5.l(libshutdown2.o)
    0x30001958   0x00000000   Code   RO          729    .ARM.Collect$$rtentry$$00000000  c_5.l(__rtentry.o)
    0x30001958   0x00000000   Code   RO          875    .ARM.Collect$$rtentry$$00000002  c_5.l(__rtentry2.o)
    0x30001958   0x00000008   Code   RO          887    .ARM.Collect$$rtentry$$00000004  c_5.l(__rtentry4.o)
    0x30001960   0x00000000   Code   RO          877    .ARM.Collect$$rtentry$$00000009  c_5.l(__rtentry2.o)
    0x30001960   0x00000004   Code   RO          878    .ARM.Collect$$rtentry$$0000000A  c_5.l(__rtentry2.o)
    0x30001964   0x00000000   Code   RO          880    .ARM.Collect$$rtentry$$0000000C  c_5.l(__rtentry2.o)
    0x30001964   0x00000028   Code   RO          881    .ARM.Collect$$rtentry$$0000000D  c_5.l(__rtentry2.o)
    0x3000198c   0x00000004   Code   RO          989    .ARM.Collect$$rtexit$$00000000  c_5.l(rtexit.o)
    0x30001990   0x00000000   Code   RO         1020    .ARM.Collect$$rtexit$$00000002  c_5.l(rtexit2.o)
    0x30001990   0x00000004   Code   RO         1021    .ARM.Collect$$rtexit$$00000003  c_5.l(rtexit2.o)
    0x30001994   0x00000008   Code   RO         1022    .ARM.Collect$$rtexit$$00000004  c_5.l(rtexit2.o)
    0x3000199c   0x00000018   Code   RO          306    .emb_text           hsmmc.o
    0x300019b4   0x00000000   Code   RO          893    .emb_text           c_5.l(maybetermalloc1.o)
    0x300019b4   0x000014b0   Code   RO            1    .text               main.o
    0x30002e64   0x00000134   Code   RO          115    .text               driver.o
    0x30002f98   0x000003c8   Code   RO          148    .text               rtc.o
    0x30003360   0x00000024   Code   RO          219    .text               s3c2416.o
    0x30003384   0x000003e0   Code   RO          224    .text               uart2416.o
    0x30003764   0x00000a98   Code   RO          246    .text               timer_irq.o
    0x300041fc   0x00000080   Code   RO          275    .text               wdc.o
    0x3000427c   0x0000027c   Code   RO          287    .text               adc.o
    0x300044f8   0x00000f68   Code   RO          307    .text               hsmmc.o
    0x30005460   0x00002320   Code   RO          325    .text               yqadc.o
    0x30007780   0x00001414   Code   RO          348    .text               yqcoin.o
    0x30008b94   0x00001d8c   Code   RO          369    .text               yqfile.o
    0x3000a920   0x00001fe0   Code   RO          388    .text               yqscreen.o
    0x3000c900   0x00002110   Code   RO          409    .text               yqsqlite3.o
    0x3000ea10   0x00000574   Code   RO          430    .text               yqdrive.o
    0x3000ef84   0x00006ef8   Code   RO          460    .text               my_cmd.o
    0x30015e7c   0x000000f0   Code   RO          487    .text               log.o
    0x30015f6c   0x000003d8   Code   RO          499    .text               diskio.o
    0x30016344   0x00005620   Code   RO          519    .text               ff.o
    0x3001b964   0x000000f8   Code   RO          537    .text               ccsbcs.o
    0x3001ba5c   0x00000014   Code   RO          564    .text               c_5.l(rt_ctype_table.o)
    0x3001ba70   0x00000062   Code   RO          570    .text               c_5.l(h1_alloc.o)
    0x3001bad2   0x0000004c   Code   RO          572    .text               c_5.l(h1_free.o)
    0x3001bb1e   0x0000001a   Code   RO          628    .text               c_5.l(tolower.o)
    0x3001bb38   0x0000001e   Code   RO          630    .text               c_5.l(toupper.o)
    0x3001bb56   0x00000002   PAD
    0x3001bb58   0x00000024   Code   RO          632    .text               c_5.l(vsprintf.o)
    0x3001bb7c   0x0000002c   Code   RO          634    .text               c_5.l(__2sprintf.o)
    0x3001bba8   0x0000004e   Code   RO          640    .text               c_5.l(_printf_pad.o)
    0x3001bbf6   0x00000052   Code   RO          642    .text               c_5.l(_printf_str.o)
    0x3001bc48   0x00000008   Ven    RO          644    .text               c_5.l(_printf_dec.o)
    0x3001bc50   0x0000006c   Code   RO          644    .text               c_5.l(_printf_dec.o)
    0x3001bcbc   0x00000008   Ven    RO          664    .text               c_5.l(_printf_hex_int_ll_ptr.o)
    0x3001bcc4   0x00000098   Code   RO          664    .text               c_5.l(_printf_hex_int_ll_ptr.o)
    0x3001bd5c   0x00000188   Code   RO          684    .text               c_5.l(__printf_flags_ss_wp.o)
    0x3001bee4   0x00000016   Code   RO          691    .text               c_5.l(strchr.o)
    0x3001befa   0x00000002   PAD
    0x3001befc   0x0000004c   Code   RO          693    .text               c_5.l(strcpy.o)
    0x3001bf48   0x00000044   Code   RO          695    .text               c_5.l(strlen.o)
    0x3001bf8c   0x00000094   Code   RO          697    .text               c_5.l(strncmp.o)
    0x3001c020   0x00000064   Code   RO          699    .text               c_5.l(rt_memcpy_w.o)
    0x3001c084   0x00000010   Code   RO          701    .text               c_5.l(aeabi_memset.o)
    0x3001c094   0x00000054   Code   RO          703    .text               c_5.l(rt_memclr_w.o)
    0x3001c0e8   0x000000f4   Code   RO          705    .text               c_5.l(strcmp.o)
    0x3001c1dc   0x0000017c   Code   RO          707    .text               c_5.l(aeabi_sdiv.o)
    0x3001c358   0x00000006   Code   RO          723    .text               c_5.l(heapauxi.o)
    0x3001c35e   0x00000002   PAD
    0x3001c360   0x0000000c   Code   RO          737    .text               c_5.l(rt_heap_descriptor_intlibspace.o)
    0x3001c36c   0x0000000c   Code   RO          742    .text               c_5.l(rt_locale_intlibspace.o)
    0x3001c378   0x00000004   Code   RO          744    .text               c_5.l(hguard.o)
    0x3001c37c   0x00000088   Code   RO          746    .text               c_5.l(init_alloc.o)
    0x3001c404   0x0000000e   Code   RO          750    .text               c_5.l(h1_init.o)
    0x3001c412   0x0000002c   Code   RO          764    .text               c_5.l(_printf_truncate.o)
    0x3001c43e   0x000000b0   Code   RO          766    .text               c_5.l(_printf_intcommon.o)
    0x3001c4ee   0x00000002   PAD
    0x3001c4f0   0x00000008   Ven    RO          768    .text               c_5.l(_printf_charcount.o)
    0x3001c4f8   0x00000026   Code   RO          768    .text               c_5.l(_printf_charcount.o)
    0x3001c51e   0x00000002   PAD
    0x3001c520   0x00000030   Code   RO          770    .text               c_5.l(_printf_char_common.o)
    0x3001c550   0x0000000a   Code   RO          772    .text               c_5.l(_sputc.o)
    0x3001c55a   0x00000002   PAD
    0x3001c55c   0x00000008   Ven    RO          774    .text               c_5.l(_printf_char.o)
    0x3001c564   0x0000002e   Code   RO          774    .text               c_5.l(_printf_char.o)
    0x3001c592   0x00000002   PAD
    0x3001c594   0x000000bc   Code   RO          776    .text               c_5.l(_printf_wctomb.o)
    0x3001c650   0x00000008   Ven    RO          779    .text               c_5.l(_printf_longlong_dec.o)
    0x3001c658   0x00000070   Code   RO          779    .text               c_5.l(_printf_longlong_dec.o)
    0x3001c6c8   0x00000008   Ven    RO          785    .text               c_5.l(_printf_oct_int_ll.o)
    0x3001c6d0   0x00000070   Code   RO          785    .text               c_5.l(_printf_oct_int_ll.o)
    0x3001c740   0x00000040   Code   RO          810    .text               c_5.l(rt_memclr.o)
    0x3001c780   0x0000002c   Code   RO          812    .text               c_5.l(rtudiv10.o)
    0x3001c7ac   0x0000000c   Code   RO          871    .text               c_5.l(libspace.o)
    0x3001c7b8   0x00000034   Code   RO          895    .text               c_5.l(h1_extend.o)
    0x3001c7ec   0x00000098   Code   RO          899    .text               c_5.l(lludiv10.o)
    0x3001c884   0x00000410   Code   RO          901    .text               c_5.l(_printf_fp_dec.o)
    0x3001cc94   0x00000008   Ven    RO          903    .text               c_5.l(_printf_fp_hex.o)
    0x3001cc9c   0x000002d8   Code   RO          903    .text               c_5.l(_printf_fp_hex.o)
    0x3001cf74   0x00000008   Ven    RO          908    .text               c_5.l(_printf_wchar.o)
    0x3001cf7c   0x0000002e   Code   RO          908    .text               c_5.l(_printf_wchar.o)
    0x3001cfaa   0x00000040   Code   RO          910    .text               c_5.l(_wcrtomb.o)
    0x3001cfea   0x0000000c   Code   RO          912    .text               c_5.l(defsig_rtmem_outer.o)
    0x3001cff6   0x00000002   PAD
    0x3001cff8   0x00000004   Code   RO          923    .text               c_5.l(use_no_semi.o)
    0x3001cffc   0x00000000   Code   RO          925    .text               c_5.l(indicate_semi.o)
    0x3001cffc   0x00000060   Code   RO          926    .text               c_5.l(sys_stackheap_outer.o)
    0x3001d05c   0x00000088   Code   RO          932    .text               c_5.l(_printf_fp_infnan.o)
    0x3001d0e4   0x000000d0   Code   RO          934    .text               c_5.l(bigflt0.o)
    0x3001d1b4   0x00000010   Code   RO          962    .text               c_5.l(exit.o)
    0x3001d1c4   0x0000000c   Code   RO          964    .text               c_5.l(defsig_exit.o)
    0x3001d1d0   0x00000050   Code   RO          970    .text               c_5.l(defsig_rtmem_inner.o)
    0x3001d220   0x0000000c   Code   RO          987    .text               c_5.l(sys_exit.o)
    0x3001d22c   0x00000034   Code   RO          997    .text               c_5.l(defsig_general.o)
    0x3001d260   0x0000000c   Code   RO         1017    .text               c_5.l(sys_wrch.o)
    0x3001d26c   0x00000024   Code   RO          708    .text_udiv          c_5.l(aeabi_sdiv.o)
    0x3001d290   0x00000038   Code   RO          937    CL$$btod_d2e        c_5.l(btod.o)
    0x3001d2c8   0x00000054   Code   RO          939    CL$$btod_d2e_denorm_low  c_5.l(btod.o)
    0x3001d31c   0x00000068   Code   RO          938    CL$$btod_d2e_norm_op1  c_5.l(btod.o)
    0x3001d384   0x00000348   Code   RO          947    CL$$btod_div_common  c_5.l(btod.o)
    0x3001d6cc   0x000000dc   Code   RO          944    CL$$btod_e2e        c_5.l(btod.o)
    0x3001d7a8   0x00000030   Code   RO          941    CL$$btod_ediv       c_5.l(btod.o)
    0x3001d7d8   0x00000030   Code   RO          940    CL$$btod_emul       c_5.l(btod.o)
    0x3001d808   0x00000264   Code   RO          946    CL$$btod_mult_common  c_5.l(btod.o)
    0x3001da6c   0x00000008   Ven    RO         1063    Veneer$$Code        anon$$obj.o
    0x3001da74   0x00000008   Ven    RO         1064    Veneer$$Code        anon$$obj.o
    0x3001da7c   0x00000008   Ven    RO         1065    Veneer$$Code        anon$$obj.o
    0x3001da84   0x00000008   Ven    RO         1066    Veneer$$Code        anon$$obj.o
    0x3001da8c   0x00000008   Ven    RO         1067    Veneer$$Code        anon$$obj.o
    0x3001da94   0x00000008   Ven    RO         1068    Veneer$$Code        anon$$obj.o
    0x3001da9c   0x00000030   Code   RO          985    i.__ARM_fpclassify  m_5s.l(fpclassify.o)
    0x3001dacc   0x0000000e   Code   RO          677    i._is_digit         c_5.l(__printf_wp.o)
    0x3001dada   0x00000002   PAD
    0x3001dadc   0x00000048   Code   RO          808    locale$$code        c_5.l(lc_ctype_c.o)
    0x3001db24   0x00000048   Code   RO          960    locale$$code        c_5.l(lc_numeric_c.o)
    0x3001db6c   0x00000008   Code   RO          982    x$fpl$ieeestatus    fz_5s.l(istatus.o)
    0x3001db74   0x00000004   Code   RO          861    x$fpl$printf1       fz_5s.l(printf1.o)
    0x3001db78   0x00000004   Code   RO          863    x$fpl$printf2       fz_5s.l(printf2.o)
    0x3001db7c   0x00000000   Code   RO          984    x$fpl$usenofp       fz_5s.l(usenofp.o)
    0x3001db7c   0x00000008   Data   RO            3    .constdata          main.o
    0x3001db84   0x00000078   Data   RO          411    .constdata          yqsqlite3.o
    0x3001dbfc   0x000000a0   Data   RO          462    .constdata          my_cmd.o
    0x3001dc9c   0x000000ba   Data   RO          520    .constdata          ff.o
    0x3001dd56   0x000004c0   Data   RO          538    .constdata          ccsbcs.o
    0x3001e216   0x00000028   Data   RO          665    .constdata          c_5.l(_printf_hex_int_ll_ptr.o)
    0x3001e23e   0x00000011   Data   RO          685    .constdata          c_5.l(__printf_flags_ss_wp.o)
    0x3001e24f   0x00000001   PAD
    0x3001e250   0x00000008   Data   RO          777    .constdata          c_5.l(_printf_wctomb.o)
    0x3001e258   0x00000026   Data   RO          904    .constdata          c_5.l(_printf_fp_hex.o)
    0x3001e27e   0x00000002   PAD
    0x3001e280   0x00000094   Data   RO          935    .constdata          c_5.l(bigflt0.o)
    0x3001e314   0x00000048   Data   RO            4    .conststring        main.o
    0x3001e35c   0x0000002d   Data   RO          350    .conststring        yqcoin.o
    0x3001e389   0x00000003   PAD
    0x3001e38c   0x000003ec   Data   RO          390    .conststring        yqscreen.o
    0x3001e778   0x00000141   Data   RO          412    .conststring        yqsqlite3.o
    0x3001e8b9   0x00000003   PAD
    0x3001e8bc   0x0000065e   Data   RO          463    .conststring        my_cmd.o
    0x3001ef1a   0x00000002   PAD
    0x3001ef1c   0x00000244   Data   RO          464    .conststrlit        my_cmd.o
    0x3001f160   0x00000030   Data   RO         1045    Region$$Table       anon$$obj.o
    0x3001f190   0x00000110   Data   RO          807    locale$$data        c_5.l(lc_ctype_c.o)
    0x3001f2a0   0x0000001c   Data   RO          959    locale$$data        c_5.l(lc_numeric_c.o)


    Execution Region RW_RAM (Base: 0x32000000, Size: 0x000db320, Max: 0x01ffc000, ABSOLUTE, COMPRESSED[0x0000040c])

    Base Addr    Size         Type   Attr      Idx    E Section Name        Object

    0x32000000   0x0000000c   Data   RW            5    .data               main.o
    0x3200000c   0x0000002c   Data   RW          247    .data               timer_irq.o
    0x32000038   0x00000004   Data   RW          288    .data               adc.o
    0x3200003c   0x0000000a   Data   RW          308    .data               hsmmc.o
    0x32000046   0x00000002   PAD
    0x32000048   0x000000c4   Data   RW          327    .data               yqadc.o
    0x3200010c   0x000000a2   Data   RW          351    .data               yqcoin.o
    0x320001ae   0x00000007   Data   RW          370    .data               yqfile.o
    0x320001b5   0x00000003   PAD
    0x320001b8   0x00000818   Data   RW          391    .data               yqscreen.o
    0x320009d0   0x00000010   Data   RW          431    .data               yqdrive.o
    0x320009e0   0x0000021c   Data   RW          465    .data               my_cmd.o
    0x32000bfc   0x00000001   Data   RW          500    .data               diskio.o
    0x32000bfd   0x00000003   PAD
    0x32000c00   0x00000006   Data   RW          521    .data               ff.o
    0x32000c06   0x00000002   PAD
    0x32000c08   0x00000080   Zero   RW          161    .bss                exception.o
    0x32000c88   0x00090152   Zero   RW          326    .bss                yqadc.o
    0x32090dda   0x00000002   PAD
    0x32090ddc   0x00000044   Zero   RW          349    .bss                yqcoin.o
    0x32090e20   0x000000f0   Zero   RW          389    .bss                yqscreen.o
    0x32090f10   0x00008800   Zero   RW          410    .bss                yqsqlite3.o
    0x32099710   0x0004044c   Zero   RW          461    .bss                my_cmd.o
    0x320d9b5c   0x00000060   Zero   RW          872    .bss                c_5.l(libspace.o)
    0x320d9bbc   0x00000004   PAD
    0x320d9bc0   0x00000200   Zero   RW          217    HEAP                s3c2416.o
    0x320d9dc0   0x00001560   Zero   RW          216    STACK               s3c2416.o


    Execution Region MY_CMD_RO_SEC (Base: 0x320db320, Size: 0x00000078, Max: 0x00000800, ABSOLUTE)

    Base Addr    Size         Type   Attr      Idx    E Section Name        Object

    0x320db320   0x00000078   Data   RW          466    my_cmd_sec          my_cmd.o


    Execution Region RW_NO_CACHE (Base: 0x32100000, Size: 0x00004000, Max: 0xffffffff, ABSOLUTE, UNINIT)

    Base Addr    Size         Type   Attr      Idx    E Section Name        Object

    0x32100000   0x00004000   Zero   RW          309    No_Cache            hsmmc.o


    Execution Region RW_MMU (Base: 0x32104000, Size: 0x00008000, Max: 0xffffffff, ABSOLUTE, UNINIT)

    Base Addr    Size         Type   Attr      Idx    E Section Name        Object

    0x32104000   0x00000004   Zero   RW            2    .ARM.__AT_0x32104000  main.o
    0x32104004   0x00003ffc   PAD
    0x32108000   0x00004000   Zero   RW          176    MMU_Mem             mmu.o


==============================================================================

Image component sizes


      Code (inc. data)   RO Data    RW Data    ZI Data      Debug   Object Name

       636         80          0          4          0       1416   adc.o
       248         12       1216          0          0       1825   ccsbcs.o
       984          4          0          1          0       4625   diskio.o
       308         32          0          0          0       4630   driver.o
       504          4          0          0        128       2209   exception.o
     22048        144        186          6          0      37753   ff.o
      3968         88          0         10      16384       6637   hsmmc.o
       240         24          0          0          0        747   log.o
       484         44          0          0          0        360   lowlevelinit.o
      5296        924         80         12          4       4117   main.o
       700         52          0          0      16384       2559   mmu.o
     28408       5708       2370        660     263244      32720   my_cmd.o
      4056         20          0          0          0       9751   nand.o
       968          0          0          0          0       1099   rtc.o
       300         60          0          0       5984        516   s3c2416.o
      2712        128          0         44          0       7016   timer_irq.o
       992          8          0          0          0       3166   uart2416.o
       128         32          0          0          0        565   wdc.o
      8992        400          0        196     590162      11288   yqadc.o
      5140        688         45        162         68       4748   yqcoin.o
      1396        184          0         16          0       1355   yqdrive.o
      7564       1344          0          7          0       1557   yqfile.o
      8160        752       1004       2072        240      10328   yqscreen.o
      8464        964        441          0      34816      10062   yqsqlite3.o

    ----------------------------------------------------------------------
    112744      11720       5398       3200     943796     161049   Object Totals
        48         24         48          0          0          0   (incl. Generated)
         0          0          8         10      16382          0   (incl. Padding)

    ----------------------------------------------------------------------

      Code (inc. data)   RO Data    RW Data    ZI Data      Debug   Library Member Name

        44          4          0          0          0         84   __2sprintf.o
        92          0          0          0          0          0   __dczerorl2.o
         8          0          0          0          0         68   __main.o
       392          6         17          0          0         76   __printf_flags_ss_wp.o
        14          0          0          0          0         60   __printf_wp.o
         0          0          0          0          0          0   __rtentry.o
        44          4          0          0          0          0   __rtentry2.o
         8          0          0          0          0          0   __rtentry4.o
        60          8          0          0          0          0   __scatter.o
        40          0          0          0          0          0   __scatter_copy.o
        44          0          0          0          0          0   __scatter_zi.o
         8          0          0          0          0          0   _printf_a.o
         8          0          0          0          0          0   _printf_c.o
        54          0          0          0          0        100   _printf_char.o
        48          6          0          0          0         88   _printf_char_common.o
        46          0          0          0          0         60   _printf_charcount.o
         8          0          0          0          0          0   _printf_d.o
       116         18          0          0          0         76   _printf_dec.o
         8          0          0          0          0          0   _printf_e.o
         8          0          0          0          0          0   _printf_f.o
      1040         12          0          0          0        176   _printf_fp_dec.o
       736         10         38          0          0         84   _printf_fp_hex.o
       136         16          0          0          0         76   _printf_fp_infnan.o
         8          0          0          0          0          0   _printf_g.o
       160          4         40          0          0        148   _printf_hex_int_ll_ptr.o
         8          0          0          0          0          0   _printf_i.o
       176          0          0          0          0         84   _printf_intcommon.o
        12          0          0          0          0          0   _printf_l.o
         8          0          0          0          0          0   _printf_lc.o
        12          0          0          0          0          0   _printf_ll.o
         8          0          0          0          0          0   _printf_lld.o
         8          0          0          0          0          0   _printf_lli.o
         8          0          0          0          0          0   _printf_llo.o
         8          0          0          0          0          0   _printf_llu.o
         8          0          0          0          0          0   _printf_llx.o
       120         18          0          0          0         76   _printf_longlong_dec.o
         8          0          0          0          0          0   _printf_ls.o
         8          0          0          0          0          0   _printf_n.o
         8          0          0          0          0          0   _printf_o.o
       120         10          0          0          0        112   _printf_oct_int_ll.o
         8          0          0          0          0          0   _printf_p.o
        78          0          0          0          0        100   _printf_pad.o
         0          0          0          0          0          0   _printf_percent.o
         8          0          0          0          0          0   _printf_percent_end.o
         8          0          0          0          0          0   _printf_s.o
        82          0          0          0          0         72   _printf_str.o
        44          0          0          0          0         76   _printf_truncate.o
         8          0          0          0          0          0   _printf_u.o
        54          0          0          0          0        100   _printf_wchar.o
       188          6          8          0          0         80   _printf_wctomb.o
         8          0          0          0          0          0   _printf_x.o
        10          0          0          0          0         60   _sputc.o
        64          0          0          0          0         72   _wcrtomb.o
        16          0          0          0          0         68   aeabi_memset.o
       416          0          0          0          0        144   aeabi_sdiv.o
       208          6        148          0          0         80   bigflt0.o
      2012        128          0          0          0        672   btod.o
        12          0          0          0          0         68   defsig_exit.o
        52          0          0          0          0         72   defsig_general.o
        80         58          0          0          0         68   defsig_rtmem_inner.o
        12          0          0          0          0         68   defsig_rtmem_outer.o
        16          0          0          0          0         68   exit.o
        98          0          0          0          0         72   h1_alloc.o
        52          0          0          0          0         68   h1_extend.o
        76          0          0          0          0         72   h1_free.o
        14          0          0          0          0         76   h1_init.o
         6          0          0          0          0        136   heapauxi.o
         4          0          0          0          0        120   hguard.o
         0          0          0          0          0          0   indicate_semi.o
       136          0          0          0          0        160   init_alloc.o
        72          8        272          0          0         76   lc_ctype_c.o
        72          8         28          0          0         76   lc_numeric_c.o
         2          0          0          0          0          0   libinit.o
        38          0          0          0          0          0   libinit2.o
         2          0          0          0          0          0   libshutdown.o
         2          0          0          0          0          0   libshutdown2.o
        12          4          0          0         96         68   libspace.o
       152          0          0          0          0         80   lludiv10.o
         0          0          0          0          0          0   maybetermalloc1.o
        20          4          0          0          0         76   rt_ctype_table.o
        12          4          0          0          0         68   rt_heap_descriptor_intlibspace.o
        12          4          0          0          0         68   rt_locale_intlibspace.o
        64          0          0          0          0         68   rt_memclr.o
        84          0          0          0          0         80   rt_memclr_w.o
       100          0          0          0          0         80   rt_memcpy_w.o
         4          0          0          0          0          0   rtexit.o
        12          0          0          0          0          0   rtexit2.o
        44          0          0          0          0         68   rtudiv10.o
        22          0          0          0          0         60   strchr.o
       244          4          0          0          0         80   strcmp.o
        76          4          0          0          0         72   strcpy.o
        68          6          0          0          0         72   strlen.o
       148          4          0          0          0         76   strncmp.o
        12          4          0          0          0         60   sys_exit.o
        96          0          0          0          0         80   sys_stackheap_outer.o
        12          0          0          0          0         68   sys_wrch.o
        26          0          0          0          0         68   tolower.o
        30          0          0          0          0         68   toupper.o
         4          0          0          0          0         68   use_no_semi.o
        36          4          0          0          0         68   vsprintf.o
         8          0          0          0          0         68   istatus.o
         4          0          0          0          0         68   printf1.o
         4          0          0          0          0         68   printf2.o
         0          0          0          0          0          0   usenofp.o
        48          4          0          0          0         68   fpclassify.o

    ----------------------------------------------------------------------
      8980        376        554          0        100       5860   Library Totals
        18          0          3          0          4          0   (incl. Padding)

    ----------------------------------------------------------------------

      Code (inc. data)   RO Data    RW Data    ZI Data      Debug   Library Name

      8898        372        551          0         96       5588   c_5.l
        16          0          0          0          0        204   fz_5s.l
        48          4          0          0          0         68   m_5s.l

    ----------------------------------------------------------------------
      8980        376        554          0        100       5860   Library Totals

    ----------------------------------------------------------------------

==============================================================================


      Code (inc. data)   RO Data    RW Data    ZI Data      Debug   

    121724      12096       5952       3200     943896     161761   Grand Totals
    121724      12096       5952       1156     943896     161761   ELF Image Totals (compressed)
    121724      12096       5952       1156          0          0   ROM Totals

==============================================================================

    Total RO  Size (Code + RO Data)               127676 ( 124.68kB)
    Total RW  Size (RW Data + ZI Data)            947096 ( 924.90kB)
    Total ROM Size (Code + RO Data + RW Data)     128832 ( 125.81kB)

==============================================================================

