<html>
<body>
<pre>
<h1>µVision Build Log</h1>
<h2>Tool Versions:</h2>
IDE-Version: ¦ÌVision V5.23.0.0
Copyright (C) 2017 ARM Ltd and ARM Germany GmbH. All rights reserved.
License Information: nick Microsoft, Microsoft, LIC=FYKPC-7LQEF-6QX0X-H66CQ-ZNP09-CMAG5
 
Tool Versions:
Toolchain:       MDK-ARM Plus  Version: 5.23
Toolchain Path:  C:\Keil_v5\ARM\ARMCC\Bin
C Compiler:      Armcc.exe V5.06 update 4 (build 422)
Assembler:       Armasm.exe V5.06 update 4 (build 422)
Linker/Locator:  ArmLink.exe V5.06 update 4 (build 422)
Library Manager: ArmAr.exe V5.06 update 4 (build 422)
Hex Converter:   FromElf.exe V5.06 update 4 (build 422)
CPU DLL:         SARM.DLL V5.23
Dialog DLL:      DARMSS9.DLL V1.9.0.0
Target DLL:      Segger\JLTAgdi.dll V1.60.0.0
Dialog DLL:      TARMSS9.DLL V1.8.0.0
 
<h2>Project:</h2>
D:\Keil5Projects\Coin\Project\S3C2416.uvproj
Project File Date:  11/24/2017

<h2>Output:</h2>
*** Using Compiler 'V5.06 update 4 (build 422)', folder: 'C:\Keil_v5\ARM\ARMCC\Bin'
Build target 'S3C2416'
compiling my_cmd.c...
linking...
Program Size: Code=121724 RO-data=5952 RW-data=3200 ZI-data=943896  
FromELF: creating hex file...
After Build - User command #1: fromelf --bin ".\Objects\S3C2416.axf" --output ".\S3C2416.bin"
After Build - User command #2: fromelf -c ".\Objects\S3C2416.axf" -o  ".\S3C2416.asm"
".\Objects\S3C2416.axf" - 0 Error(s), 0 Warning(s).
Build Time Elapsed:  00:00:03
</pre>
</body>
</html>
